// Jest Snapshot v1, https://goo.gl/fbAQLP

exports[`Checkbox component should render properly 1`] = `
<body>
  <div>
    <div
      class="checkbox"
    >
      <input
        class="checkbox__input"
        data-testid="checkbox-input"
        id="00000000-0000-0000-0000-000000000000"
        name="checkbox"
        type="checkbox"
      />
      <label
        class="checkbox__label"
        for="00000000-0000-0000-0000-000000000000"
      >
        <span
          class="checkbox__label-indicator"
        />
      </label>
    </div>
  </div>
</body>
`;
